#-----------------------------------------------------------
# Vivado v2022.1 (64-bit)
# SW Build 3526262 on Mon Apr 18 15:48:16 MDT 2022
# IP Build 3524634 on Mon Apr 18 20:55:01 MDT 2022
# Start of session at: Sat Nov 12 09:39:08 2022
# Process ID: 12860
# Current directory: E:/FPGA/zu02/zu02/AXU2CGA/course_s1_fpga/13_1_lcd7_test
# Command line: vivado.exe -gui_launcher_event rodinguilauncherevent18412 E:\FPGA\zu02\zu02\AXU2CGA\course_s1_fpga\13_1_lcd7_test\lcd7_test.xpr
# Log file: E:/FPGA/zu02/zu02/AXU2CGA/course_s1_fpga/13_1_lcd7_test/vivado.log
# Journal file: E:/FPGA/zu02/zu02/AXU2CGA/course_s1_fpga/13_1_lcd7_test\vivado.jou
# Running On: DESKTOP-CJ3G5DI, OS: Windows, CPU Frequency: 3600 MHz, CPU Physical cores: 8, Host memory: 34290 MB
#-----------------------------------------------------------
start_gui
open_project E:/FPGA/zu02/zu02/AXU2CGA/course_s1_fpga/13_1_lcd7_test/lcd7_test.xpr
upgrade_project -migrate_output_products
update_compile_order -fileset sources_1
upgrade_ip -srcset video_pll -vlnv xilinx.com:ip:clk_wiz:6.0 [get_ips  video_pll] -log ip_upgrade.log
export_ip_user_files -of_objects [get_ips video_pll] -no_script -sync -force -quiet
update_compile_order -fileset sources_1
reset_run synth_1
launch_runs impl_1 -to_step write_bitstream -jobs 16
wait_on_run impl_1
open_hw_manager
connect_hw_server -allow_non_jtag
open_hw_target
set_property PROBES.FILE {} [get_hw_devices xczu2_1]
set_property FULL_PROBES.FILE {} [get_hw_devices xczu2_1]
set_property PROGRAM.FILE {E:/FPGA/zu02/zu02/AXU2CGA/course_s1_fpga/13_1_lcd7_test/lcd7_test.runs/impl_1/top.bit} [get_hw_devices xczu2_1]
program_hw_devices [get_hw_devices xczu2_1]
refresh_hw_device [lindex [get_hw_devices xczu2_1] 0]
refresh_hw_device [lindex [get_hw_devices xczu2_1] 0]
refresh_hw_device [lindex [get_hw_devices xczu2_1] 0]
set_property PROBES.FILE {} [get_hw_devices xczu2_1]
set_property FULL_PROBES.FILE {} [get_hw_devices xczu2_1]
set_property PROGRAM.FILE {E:/FPGA/zu02/zu02/AXU2CGA/course_s1_fpga/13_1_lcd7_test/lcd7_test.runs/impl_1/top.bit} [get_hw_devices xczu2_1]
program_hw_devices [get_hw_devices xczu2_1]
refresh_hw_device [lindex [get_hw_devices xczu2_1] 0]
